Archive member included to satisfy reference by file (symbol)

c:/gccavr/avr-gcc-10.1.0-x64-windows/bin/../lib/gcc/avr/10.1.0/avr5\libgcc.a(_udivmodsi4.o)
                              obj\Debug\atmega328p_peripherals\tim_device.o (__udivmodsi4)
c:/gccavr/avr-gcc-10.1.0-x64-windows/bin/../lib/gcc/avr/10.1.0/avr5\libgcc.a(_exit.o)
                              c:/gccavr/avr-gcc-10.1.0-x64-windows/bin/../lib/gcc/avr/10.1.0/../../../../avr/lib/avr5/crtatmega328p.o (exit)
c:/gccavr/avr-gcc-10.1.0-x64-windows/bin/../lib/gcc/avr/10.1.0/avr5\libgcc.a(_copy_data.o)
                              obj\Debug\atmega328p_peripherals\uart_interface.o (__do_copy_data)
c:/gccavr/avr-gcc-10.1.0-x64-windows/bin/../lib/gcc/avr/10.1.0/avr5\libgcc.a(_clear_bss.o)
                              obj\Debug\atmega328p_peripherals\tim_device.o (__do_clear_bss)
c:/gccavr/avr-gcc-10.1.0-x64-windows/bin/../lib/gcc/avr/10.1.0/../../../../avr/lib/avr5\libc.a(memcmp.o)
                              obj\Debug\cmd_dispatcher\cmd_dispatcher.o (memcmp)
c:/gccavr/avr-gcc-10.1.0-x64-windows/bin/../lib/gcc/avr/10.1.0/../../../../avr/lib/avr5\libc.a(memcpy.o)
                              obj\Debug\atmega328p_peripherals\uart_interface.o (memcpy)
c:/gccavr/avr-gcc-10.1.0-x64-windows/bin/../lib/gcc/avr/10.1.0/../../../../avr/lib/avr5\libc.a(memset.o)
                              obj\Debug\atmega328p_peripherals\uart_interface.o (memset)
c:/gccavr/avr-gcc-10.1.0-x64-windows/bin/../lib/gcc/avr/10.1.0/../../../../avr/lib/avr5\libc.a(iob.o)
                              obj\Debug\atmega328p_peripherals\uart_interface.o (__iob)
c:/gccavr/avr-gcc-10.1.0-x64-windows/bin/../lib/gcc/avr/10.1.0/../../../../avr/lib/avr5\libc.a(printf.o)
                              obj\Debug\cmd_dispatcher\cmd_rda5807m.o (printf)
c:/gccavr/avr-gcc-10.1.0-x64-windows/bin/../lib/gcc/avr/10.1.0/../../../../avr/lib/avr5\libc.a(puts.o)
                              obj\Debug\main.o (puts)
c:/gccavr/avr-gcc-10.1.0-x64-windows/bin/../lib/gcc/avr/10.1.0/../../../../avr/lib/avr5\libc.a(vfprintf_std.o)
                              c:/gccavr/avr-gcc-10.1.0-x64-windows/bin/../lib/gcc/avr/10.1.0/../../../../avr/lib/avr5\libc.a(printf.o) (vfprintf)
c:/gccavr/avr-gcc-10.1.0-x64-windows/bin/../lib/gcc/avr/10.1.0/../../../../avr/lib/avr5\libc.a(strnlen_P.o)
                              c:/gccavr/avr-gcc-10.1.0-x64-windows/bin/../lib/gcc/avr/10.1.0/../../../../avr/lib/avr5\libc.a(vfprintf_std.o) (strnlen_P)
c:/gccavr/avr-gcc-10.1.0-x64-windows/bin/../lib/gcc/avr/10.1.0/../../../../avr/lib/avr5\libc.a(strnlen.o)
                              c:/gccavr/avr-gcc-10.1.0-x64-windows/bin/../lib/gcc/avr/10.1.0/../../../../avr/lib/avr5\libc.a(vfprintf_std.o) (strnlen)
c:/gccavr/avr-gcc-10.1.0-x64-windows/bin/../lib/gcc/avr/10.1.0/../../../../avr/lib/avr5\libc.a(fputc.o)
                              c:/gccavr/avr-gcc-10.1.0-x64-windows/bin/../lib/gcc/avr/10.1.0/../../../../avr/lib/avr5\libc.a(vfprintf_std.o) (fputc)
c:/gccavr/avr-gcc-10.1.0-x64-windows/bin/../lib/gcc/avr/10.1.0/../../../../avr/lib/avr5\libc.a(ultoa_invert.o)
                              c:/gccavr/avr-gcc-10.1.0-x64-windows/bin/../lib/gcc/avr/10.1.0/../../../../avr/lib/avr5\libc.a(vfprintf_std.o) (__ultoa_invert)
c:/gccavr/avr-gcc-10.1.0-x64-windows/bin/../lib/gcc/avr/10.1.0/avr5\libgcc.a(_prologue.o)
                              c:/gccavr/avr-gcc-10.1.0-x64-windows/bin/../lib/gcc/avr/10.1.0/../../../../avr/lib/avr5\libc.a(printf.o) (__prologue_saves__)
c:/gccavr/avr-gcc-10.1.0-x64-windows/bin/../lib/gcc/avr/10.1.0/avr5\libgcc.a(_epilogue.o)
                              c:/gccavr/avr-gcc-10.1.0-x64-windows/bin/../lib/gcc/avr/10.1.0/../../../../avr/lib/avr5\libc.a(printf.o) (__epilogue_restores__)

Memory Configuration

Name             Origin             Length             Attributes
text             0x0000000000000000 0x0000000000020000 xr
data             0x0000000000800060 0x000000000000ffa0 rw !x
eeprom           0x0000000000810000 0x0000000000010000 rw !x
fuse             0x0000000000820000 0x0000000000000003 rw !x
lock             0x0000000000830000 0x0000000000000400 rw !x
signature        0x0000000000840000 0x0000000000000400 rw !x
user_signatures  0x0000000000850000 0x0000000000000400 rw !x
*default*        0x0000000000000000 0xffffffffffffffff

Linker script and memory map

Address of section .data set to 0x800100
LOAD c:/gccavr/avr-gcc-10.1.0-x64-windows/bin/../lib/gcc/avr/10.1.0/../../../../avr/lib/avr5/crtatmega328p.o
LOAD obj\Debug\atmega328p_peripherals\gpio_interface.o
LOAD obj\Debug\atmega328p_peripherals\tim_device.o
LOAD obj\Debug\atmega328p_peripherals\twi.o
LOAD obj\Debug\atmega328p_peripherals\uart_interface.o
LOAD obj\Debug\cmd_dispatcher\cmd_dispatcher.o
LOAD obj\Debug\cmd_dispatcher\cmd_rda5807m.o
LOAD obj\Debug\main.o
LOAD obj\Debug\rda5807m\rda5807m.o
LOAD c:/gccavr/avr-gcc-10.1.0-x64-windows/bin/../lib/gcc/avr/10.1.0/avr5\libgcc.a
LOAD c:/gccavr/avr-gcc-10.1.0-x64-windows/bin/../lib/gcc/avr/10.1.0/../../../../avr/lib/avr5\libm.a
START GROUP
LOAD c:/gccavr/avr-gcc-10.1.0-x64-windows/bin/../lib/gcc/avr/10.1.0/avr5\libgcc.a
LOAD c:/gccavr/avr-gcc-10.1.0-x64-windows/bin/../lib/gcc/avr/10.1.0/../../../../avr/lib/avr5\libm.a
LOAD c:/gccavr/avr-gcc-10.1.0-x64-windows/bin/../lib/gcc/avr/10.1.0/../../../../avr/lib/avr5\libc.a
LOAD c:/gccavr/avr-gcc-10.1.0-x64-windows/bin/../lib/gcc/avr/10.1.0/../../../../avr/lib/avr5\libatmega328p.a
END GROUP
                0x0000000000020000                __TEXT_REGION_LENGTH__ = DEFINED (__TEXT_REGION_LENGTH__)?__TEXT_REGION_LENGTH__:0x20000
                0x000000000000ffa0                __DATA_REGION_LENGTH__ = DEFINED (__DATA_REGION_LENGTH__)?__DATA_REGION_LENGTH__:0xffa0
                0x0000000000010000                __EEPROM_REGION_LENGTH__ = DEFINED (__EEPROM_REGION_LENGTH__)?__EEPROM_REGION_LENGTH__:0x10000
                [0x0000000000000003]                __FUSE_REGION_LENGTH__ = DEFINED (__FUSE_REGION_LENGTH__)?__FUSE_REGION_LENGTH__:0x400
                0x0000000000000400                __LOCK_REGION_LENGTH__ = DEFINED (__LOCK_REGION_LENGTH__)?__LOCK_REGION_LENGTH__:0x400
                0x0000000000000400                __SIGNATURE_REGION_LENGTH__ = DEFINED (__SIGNATURE_REGION_LENGTH__)?__SIGNATURE_REGION_LENGTH__:0x400
                0x0000000000000400                __USER_SIGNATURE_REGION_LENGTH__ = DEFINED (__USER_SIGNATURE_REGION_LENGTH__)?__USER_SIGNATURE_REGION_LENGTH__:0x400

.hash
 *(.hash)

.dynsym
 *(.dynsym)

.dynstr
 *(.dynstr)

.gnu.version
 *(.gnu.version)

.gnu.version_d
 *(.gnu.version_d)

.gnu.version_r
 *(.gnu.version_r)

.rel.init
 *(.rel.init)

.rela.init
 *(.rela.init)

.rel.text
 *(.rel.text)
 *(.rel.text.*)
 *(.rel.gnu.linkonce.t*)

.rela.text
 *(.rela.text)
 *(.rela.text.*)
 *(.rela.gnu.linkonce.t*)

.rel.fini
 *(.rel.fini)

.rela.fini
 *(.rela.fini)

.rel.rodata
 *(.rel.rodata)
 *(.rel.rodata.*)
 *(.rel.gnu.linkonce.r*)

.rela.rodata
 *(.rela.rodata)
 *(.rela.rodata.*)
 *(.rela.gnu.linkonce.r*)

.rel.data
 *(.rel.data)
 *(.rel.data.*)
 *(.rel.gnu.linkonce.d*)

.rela.data
 *(.rela.data)
 *(.rela.data.*)
 *(.rela.gnu.linkonce.d*)

.rel.ctors
 *(.rel.ctors)

.rela.ctors
 *(.rela.ctors)

.rel.dtors
 *(.rel.dtors)

.rela.dtors
 *(.rela.dtors)

.rel.got
 *(.rel.got)

.rela.got
 *(.rela.got)

.rel.bss
 *(.rel.bss)

.rela.bss
 *(.rela.bss)

.rel.plt
 *(.rel.plt)

.rela.plt
 *(.rela.plt)

.text           0x0000000000000000     0x1e30
 *(.vectors)
 .vectors       0x0000000000000000       0x68 c:/gccavr/avr-gcc-10.1.0-x64-windows/bin/../lib/gcc/avr/10.1.0/../../../../avr/lib/avr5/crtatmega328p.o
                0x0000000000000000                __vector_default
                0x0000000000000000                __vectors
 *(.vectors)
 *(.progmem.gcc*)
                0x0000000000000068                . = ALIGN (0x2)
                0x0000000000000068                __trampolines_start = .
 *(.trampolines)
 .trampolines   0x0000000000000068        0x0 linker stubs
 *(.trampolines*)
                0x0000000000000068                __trampolines_end = .
 *libprintf_flt.a:*(.progmem.data)
 *libc.a:*(.progmem.data)
 *(.progmem.*)
                0x0000000000000068                . = ALIGN (0x2)
 *(.lowtext)
 *(.lowtext*)
                0x0000000000000068                __ctors_start = .
 *(.ctors)
                0x0000000000000068                __ctors_end = .
                0x0000000000000068                __dtors_start = .
 *(.dtors)
                0x0000000000000068                __dtors_end = .
 SORT_BY_NAME(*)(.ctors)
 SORT_BY_NAME(*)(.dtors)
 *(.init0)
 .init0         0x0000000000000068        0x0 c:/gccavr/avr-gcc-10.1.0-x64-windows/bin/../lib/gcc/avr/10.1.0/../../../../avr/lib/avr5/crtatmega328p.o
                0x0000000000000068                __init
 *(.init0)
 *(.init1)
 *(.init1)
 *(.init2)
 .init2         0x0000000000000068        0xc c:/gccavr/avr-gcc-10.1.0-x64-windows/bin/../lib/gcc/avr/10.1.0/../../../../avr/lib/avr5/crtatmega328p.o
 *(.init2)
 *(.init3)
 *(.init3)
 *(.init4)
 .init4         0x0000000000000074       0x16 c:/gccavr/avr-gcc-10.1.0-x64-windows/bin/../lib/gcc/avr/10.1.0/avr5\libgcc.a(_copy_data.o)
                0x0000000000000074                __do_copy_data
 .init4         0x000000000000008a       0x10 c:/gccavr/avr-gcc-10.1.0-x64-windows/bin/../lib/gcc/avr/10.1.0/avr5\libgcc.a(_clear_bss.o)
                0x000000000000008a                __do_clear_bss
 *(.init4)
 *(.init5)
 *(.init5)
 *(.init6)
 *(.init6)
 *(.init7)
 *(.init7)
 *(.init8)
 *(.init8)
 *(.init9)
 .init9         0x000000000000009a        0x8 c:/gccavr/avr-gcc-10.1.0-x64-windows/bin/../lib/gcc/avr/10.1.0/../../../../avr/lib/avr5/crtatmega328p.o
 *(.init9)
 *(.text)
 .text          0x00000000000000a2        0x4 c:/gccavr/avr-gcc-10.1.0-x64-windows/bin/../lib/gcc/avr/10.1.0/../../../../avr/lib/avr5/crtatmega328p.o
                0x00000000000000a2                __vector_22
                0x00000000000000a2                __vector_1
                0x00000000000000a2                __vector_24
                0x00000000000000a2                __vector_12
                0x00000000000000a2                __bad_interrupt
                0x00000000000000a2                __vector_6
                0x00000000000000a2                __vector_3
                0x00000000000000a2                __vector_23
                0x00000000000000a2                __vector_25
                0x00000000000000a2                __vector_11
                0x00000000000000a2                __vector_13
                0x00000000000000a2                __vector_17
                0x00000000000000a2                __vector_19
                0x00000000000000a2                __vector_7
                0x00000000000000a2                __vector_5
                0x00000000000000a2                __vector_4
                0x00000000000000a2                __vector_9
                0x00000000000000a2                __vector_2
                0x00000000000000a2                __vector_21
                0x00000000000000a2                __vector_15
                0x00000000000000a2                __vector_8
                0x00000000000000a2                __vector_10
                0x00000000000000a2                __vector_16
                0x00000000000000a2                __vector_20
 .text          0x00000000000000a6       0xc8 obj\Debug\atmega328p_peripherals\gpio_interface.o
                0x00000000000000a6                gpio_initialize
                0x00000000000000da                gpio_LED_toggle
                0x0000000000000124                gpio_LED_set
 .text          0x000000000000016e      0x35c obj\Debug\atmega328p_peripherals\tim_device.o
                0x000000000000016e                __vector_14
                0x00000000000001c6                tim_tick_initialize
                0x0000000000000216                tim_tick_unitialize
                0x000000000000024a                tim_tick_get
                0x00000000000002cc                tim_block_ms
                0x000000000000036e                tim_blocked_dothis
                0x000000000000037e                tim_beep_D6D4_initialize
                0x00000000000003e0                tim_beep_D6D4_sound
                0x0000000000000446                tim_beep_D6D4_freq
 .text          0x00000000000004ca      0x614 obj\Debug\atmega328p_peripherals\twi.o
                0x00000000000004ca                twi_init
                0x0000000000000516                twi_start
                0x000000000000054c                twi_repStart
                0x0000000000000582                twi_stop
                0x000000000000059c                twi_addressWrite
                0x00000000000005e4                twi_addressRead
                0x0000000000000638                twi_write
                0x000000000000067e                twi_writeBurst
                0x00000000000006f0                twi_readAck
                0x0000000000000742                twi_readAckBurst
                0x00000000000007b0                twi_readNoAck
                0x0000000000000802                twi_readNoAckBurst
                0x0000000000000870                twi_writeToSlave
                0x00000000000008de                twi_readFromSlave
                0x0000000000000982                twi_writeToSlaveRegister
                0x0000000000000a06                twi_readFromSlaveRegister
 .text          0x0000000000000ade      0x29c obj\Debug\atmega328p_peripherals\uart_interface.o
                0x0000000000000b88                __vector_18
                0x0000000000000c3a                UARTinitiliaze
                0x0000000000000ca8                UARTisLFreceived
                0x0000000000000cd4                UARTcopyBuffer
                0x0000000000000d46                UARTFetchReceivedLine
 .text          0x0000000000000d7a       0xf8 obj\Debug\cmd_dispatcher\cmd_dispatcher.o
                0x0000000000000e30                CmdDispatch
 .text          0x0000000000000e72      0x222 obj\Debug\cmd_dispatcher\cmd_rda5807m.o
                0x0000000000000e72                CmdRDA5807mDoInit
                0x0000000000000e96                CmdRDA5807mDoReset
                0x0000000000000eba                CmdRDA5807mSetMute
                0x0000000000000ef0                CmdRDA5807mSetFreq
                0x0000000000000ff4                CmdRDA5807mSetVolm
                0x0000000000001046                CmdRDA5807mGetRSSI
 .text          0x0000000000001094       0x42 obj\Debug\main.o
                0x0000000000001094                main
 .text          0x00000000000010d6      0x6fc obj\Debug\rda5807m\rda5807m.o
                0x000000000000119c                RDA5807mMute
                0x00000000000011ee                RDA5807mReset
                0x000000000000122e                RDA5807mInit
                0x00000000000012f4                RDA5807mSetFreq
                0x000000000000139e                RDA5807mSetVolm
                0x0000000000001452                RDA5807mGetRSSI
                0x000000000000148a                RDA5807mGetRDSR
                0x00000000000014b2                RDA5807mGetRDSS
                0x00000000000014dc                RDA5807misChannelStereo
                0x0000000000001506                RDA5807mIsChannelStation
                0x0000000000001530                RDA5807mGetRDSBlockA
                0x0000000000001596                RDA5807mGetRDSBlockB
                0x00000000000015fc                RDA5807mGetRDSBlockC
                0x0000000000001662                RDA5807mGetRDSBlockD
                0x00000000000016c8                RDA5807mGetErrBlockA
                0x0000000000001702                RDA5807mGetErrBlockB
                0x000000000000172c                RDA5807mClearRDSFIFO
 .text          0x00000000000017d2        0x0 c:/gccavr/avr-gcc-10.1.0-x64-windows/bin/../lib/gcc/avr/10.1.0/avr5\libgcc.a(_udivmodsi4.o)
 .text          0x00000000000017d2        0x0 c:/gccavr/avr-gcc-10.1.0-x64-windows/bin/../lib/gcc/avr/10.1.0/avr5\libgcc.a(_exit.o)
 .text          0x00000000000017d2        0x0 c:/gccavr/avr-gcc-10.1.0-x64-windows/bin/../lib/gcc/avr/10.1.0/avr5\libgcc.a(_copy_data.o)
 .text          0x00000000000017d2        0x0 c:/gccavr/avr-gcc-10.1.0-x64-windows/bin/../lib/gcc/avr/10.1.0/avr5\libgcc.a(_clear_bss.o)
 .text          0x00000000000017d2        0x0 c:/gccavr/avr-gcc-10.1.0-x64-windows/bin/../lib/gcc/avr/10.1.0/../../../../avr/lib/avr5\libc.a(memcmp.o)
 .text          0x00000000000017d2        0x0 c:/gccavr/avr-gcc-10.1.0-x64-windows/bin/../lib/gcc/avr/10.1.0/../../../../avr/lib/avr5\libc.a(memcpy.o)
 .text          0x00000000000017d2        0x0 c:/gccavr/avr-gcc-10.1.0-x64-windows/bin/../lib/gcc/avr/10.1.0/../../../../avr/lib/avr5\libc.a(memset.o)
 .text          0x00000000000017d2        0x0 c:/gccavr/avr-gcc-10.1.0-x64-windows/bin/../lib/gcc/avr/10.1.0/../../../../avr/lib/avr5\libc.a(iob.o)
 .text          0x00000000000017d2        0x0 c:/gccavr/avr-gcc-10.1.0-x64-windows/bin/../lib/gcc/avr/10.1.0/../../../../avr/lib/avr5\libc.a(printf.o)
 .text          0x00000000000017d2        0x0 c:/gccavr/avr-gcc-10.1.0-x64-windows/bin/../lib/gcc/avr/10.1.0/../../../../avr/lib/avr5\libc.a(puts.o)
 .text          0x00000000000017d2        0x0 c:/gccavr/avr-gcc-10.1.0-x64-windows/bin/../lib/gcc/avr/10.1.0/../../../../avr/lib/avr5\libc.a(vfprintf_std.o)
 .text          0x00000000000017d2        0x0 c:/gccavr/avr-gcc-10.1.0-x64-windows/bin/../lib/gcc/avr/10.1.0/../../../../avr/lib/avr5\libc.a(strnlen_P.o)
 .text          0x00000000000017d2        0x0 c:/gccavr/avr-gcc-10.1.0-x64-windows/bin/../lib/gcc/avr/10.1.0/../../../../avr/lib/avr5\libc.a(strnlen.o)
 .text          0x00000000000017d2        0x0 c:/gccavr/avr-gcc-10.1.0-x64-windows/bin/../lib/gcc/avr/10.1.0/../../../../avr/lib/avr5\libc.a(fputc.o)
 .text          0x00000000000017d2        0x0 c:/gccavr/avr-gcc-10.1.0-x64-windows/bin/../lib/gcc/avr/10.1.0/../../../../avr/lib/avr5\libc.a(ultoa_invert.o)
 .text          0x00000000000017d2        0x0 c:/gccavr/avr-gcc-10.1.0-x64-windows/bin/../lib/gcc/avr/10.1.0/avr5\libgcc.a(_prologue.o)
 .text          0x00000000000017d2        0x0 c:/gccavr/avr-gcc-10.1.0-x64-windows/bin/../lib/gcc/avr/10.1.0/avr5\libgcc.a(_epilogue.o)
                0x00000000000017d2                . = ALIGN (0x2)
 *(.text.*)
 .text.libgcc.mul
                0x00000000000017d2        0x0 c:/gccavr/avr-gcc-10.1.0-x64-windows/bin/../lib/gcc/avr/10.1.0/avr5\libgcc.a(_udivmodsi4.o)
 .text.libgcc.div
                0x00000000000017d2       0x44 c:/gccavr/avr-gcc-10.1.0-x64-windows/bin/../lib/gcc/avr/10.1.0/avr5\libgcc.a(_udivmodsi4.o)
                0x00000000000017d2                __udivmodsi4
 .text.libgcc   0x0000000000001816        0x0 c:/gccavr/avr-gcc-10.1.0-x64-windows/bin/../lib/gcc/avr/10.1.0/avr5\libgcc.a(_udivmodsi4.o)
 .text.libgcc.prologue
                0x0000000000001816        0x0 c:/gccavr/avr-gcc-10.1.0-x64-windows/bin/../lib/gcc/avr/10.1.0/avr5\libgcc.a(_udivmodsi4.o)
 .text.libgcc.builtins
                0x0000000000001816        0x0 c:/gccavr/avr-gcc-10.1.0-x64-windows/bin/../lib/gcc/avr/10.1.0/avr5\libgcc.a(_udivmodsi4.o)
 .text.libgcc.fmul
                0x0000000000001816        0x0 c:/gccavr/avr-gcc-10.1.0-x64-windows/bin/../lib/gcc/avr/10.1.0/avr5\libgcc.a(_udivmodsi4.o)
 .text.libgcc.fixed
                0x0000000000001816        0x0 c:/gccavr/avr-gcc-10.1.0-x64-windows/bin/../lib/gcc/avr/10.1.0/avr5\libgcc.a(_udivmodsi4.o)
 .text.libgcc.mul
                0x0000000000001816        0x0 c:/gccavr/avr-gcc-10.1.0-x64-windows/bin/../lib/gcc/avr/10.1.0/avr5\libgcc.a(_exit.o)
 .text.libgcc.div
                0x0000000000001816        0x0 c:/gccavr/avr-gcc-10.1.0-x64-windows/bin/../lib/gcc/avr/10.1.0/avr5\libgcc.a(_exit.o)
 .text.libgcc   0x0000000000001816        0x0 c:/gccavr/avr-gcc-10.1.0-x64-windows/bin/../lib/gcc/avr/10.1.0/avr5\libgcc.a(_exit.o)
 .text.libgcc.prologue
                0x0000000000001816        0x0 c:/gccavr/avr-gcc-10.1.0-x64-windows/bin/../lib/gcc/avr/10.1.0/avr5\libgcc.a(_exit.o)
 .text.libgcc.builtins
                0x0000000000001816        0x0 c:/gccavr/avr-gcc-10.1.0-x64-windows/bin/../lib/gcc/avr/10.1.0/avr5\libgcc.a(_exit.o)
 .text.libgcc.fmul
                0x0000000000001816        0x0 c:/gccavr/avr-gcc-10.1.0-x64-windows/bin/../lib/gcc/avr/10.1.0/avr5\libgcc.a(_exit.o)
 .text.libgcc.fixed
                0x0000000000001816        0x0 c:/gccavr/avr-gcc-10.1.0-x64-windows/bin/../lib/gcc/avr/10.1.0/avr5\libgcc.a(_exit.o)
 .text.libgcc.mul
                0x0000000000001816        0x0 c:/gccavr/avr-gcc-10.1.0-x64-windows/bin/../lib/gcc/avr/10.1.0/avr5\libgcc.a(_copy_data.o)
 .text.libgcc.div
                0x0000000000001816        0x0 c:/gccavr/avr-gcc-10.1.0-x64-windows/bin/../lib/gcc/avr/10.1.0/avr5\libgcc.a(_copy_data.o)
 .text.libgcc   0x0000000000001816        0x0 c:/gccavr/avr-gcc-10.1.0-x64-windows/bin/../lib/gcc/avr/10.1.0/avr5\libgcc.a(_copy_data.o)
 .text.libgcc.prologue
                0x0000000000001816        0x0 c:/gccavr/avr-gcc-10.1.0-x64-windows/bin/../lib/gcc/avr/10.1.0/avr5\libgcc.a(_copy_data.o)
 .text.libgcc.builtins
                0x0000000000001816        0x0 c:/gccavr/avr-gcc-10.1.0-x64-windows/bin/../lib/gcc/avr/10.1.0/avr5\libgcc.a(_copy_data.o)
 .text.libgcc.fmul
                0x0000000000001816        0x0 c:/gccavr/avr-gcc-10.1.0-x64-windows/bin/../lib/gcc/avr/10.1.0/avr5\libgcc.a(_copy_data.o)
 .text.libgcc.fixed
                0x0000000000001816        0x0 c:/gccavr/avr-gcc-10.1.0-x64-windows/bin/../lib/gcc/avr/10.1.0/avr5\libgcc.a(_copy_data.o)
 .text.libgcc.mul
                0x0000000000001816        0x0 c:/gccavr/avr-gcc-10.1.0-x64-windows/bin/../lib/gcc/avr/10.1.0/avr5\libgcc.a(_clear_bss.o)
 .text.libgcc.div
                0x0000000000001816        0x0 c:/gccavr/avr-gcc-10.1.0-x64-windows/bin/../lib/gcc/avr/10.1.0/avr5\libgcc.a(_clear_bss.o)
 .text.libgcc   0x0000000000001816        0x0 c:/gccavr/avr-gcc-10.1.0-x64-windows/bin/../lib/gcc/avr/10.1.0/avr5\libgcc.a(_clear_bss.o)
 .text.libgcc.prologue
                0x0000000000001816        0x0 c:/gccavr/avr-gcc-10.1.0-x64-windows/bin/../lib/gcc/avr/10.1.0/avr5\libgcc.a(_clear_bss.o)
 .text.libgcc.builtins
                0x0000000000001816        0x0 c:/gccavr/avr-gcc-10.1.0-x64-windows/bin/../lib/gcc/avr/10.1.0/avr5\libgcc.a(_clear_bss.o)
 .text.libgcc.fmul
                0x0000000000001816        0x0 c:/gccavr/avr-gcc-10.1.0-x64-windows/bin/../lib/gcc/avr/10.1.0/avr5\libgcc.a(_clear_bss.o)
 .text.libgcc.fixed
                0x0000000000001816        0x0 c:/gccavr/avr-gcc-10.1.0-x64-windows/bin/../lib/gcc/avr/10.1.0/avr5\libgcc.a(_clear_bss.o)
 .text.avr-libc
                0x0000000000001816       0x1a c:/gccavr/avr-gcc-10.1.0-x64-windows/bin/../lib/gcc/avr/10.1.0/../../../../avr/lib/avr5\libc.a(memcmp.o)
                0x0000000000001816                memcmp
 .text.avr-libc
                0x0000000000001830       0x12 c:/gccavr/avr-gcc-10.1.0-x64-windows/bin/../lib/gcc/avr/10.1.0/../../../../avr/lib/avr5\libc.a(memcpy.o)
                0x0000000000001830                memcpy
 .text.avr-libc
                0x0000000000001842        0xe c:/gccavr/avr-gcc-10.1.0-x64-windows/bin/../lib/gcc/avr/10.1.0/../../../../avr/lib/avr5\libc.a(memset.o)
                0x0000000000001842                memset
 .text.avr-libc
                0x0000000000001850       0x28 c:/gccavr/avr-gcc-10.1.0-x64-windows/bin/../lib/gcc/avr/10.1.0/../../../../avr/lib/avr5\libc.a(printf.o)
                0x0000000000001850                printf
 .text.avr-libc
                0x0000000000001878       0x58 c:/gccavr/avr-gcc-10.1.0-x64-windows/bin/../lib/gcc/avr/10.1.0/../../../../avr/lib/avr5\libc.a(puts.o)
                0x0000000000001878                puts
 .text.avr-libc
                0x00000000000018d0      0x3a6 c:/gccavr/avr-gcc-10.1.0-x64-windows/bin/../lib/gcc/avr/10.1.0/../../../../avr/lib/avr5\libc.a(vfprintf_std.o)
                0x00000000000018d0                vfprintf
 .text.avr-libc
                0x0000000000001c76       0x16 c:/gccavr/avr-gcc-10.1.0-x64-windows/bin/../lib/gcc/avr/10.1.0/../../../../avr/lib/avr5\libc.a(strnlen_P.o)
                0x0000000000001c76                strnlen_P
 .text.avr-libc
                0x0000000000001c8c       0x16 c:/gccavr/avr-gcc-10.1.0-x64-windows/bin/../lib/gcc/avr/10.1.0/../../../../avr/lib/avr5\libc.a(strnlen.o)
                0x0000000000001c8c                strnlen
 .text.avr-libc
                0x0000000000001ca2       0x60 c:/gccavr/avr-gcc-10.1.0-x64-windows/bin/../lib/gcc/avr/10.1.0/../../../../avr/lib/avr5\libc.a(fputc.o)
                0x0000000000001ca2                fputc
 .text.avr-libc
                0x0000000000001d02       0xbc c:/gccavr/avr-gcc-10.1.0-x64-windows/bin/../lib/gcc/avr/10.1.0/../../../../avr/lib/avr5\libc.a(ultoa_invert.o)
                0x0000000000001d02                __ultoa_invert
 .text.libgcc.mul
                0x0000000000001dbe        0x0 c:/gccavr/avr-gcc-10.1.0-x64-windows/bin/../lib/gcc/avr/10.1.0/avr5\libgcc.a(_prologue.o)
 .text.libgcc.div
                0x0000000000001dbe        0x0 c:/gccavr/avr-gcc-10.1.0-x64-windows/bin/../lib/gcc/avr/10.1.0/avr5\libgcc.a(_prologue.o)
 .text.libgcc   0x0000000000001dbe        0x0 c:/gccavr/avr-gcc-10.1.0-x64-windows/bin/../lib/gcc/avr/10.1.0/avr5\libgcc.a(_prologue.o)
 .text.libgcc.prologue
                0x0000000000001dbe       0x38 c:/gccavr/avr-gcc-10.1.0-x64-windows/bin/../lib/gcc/avr/10.1.0/avr5\libgcc.a(_prologue.o)
                0x0000000000001dbe                __prologue_saves__
 .text.libgcc.builtins
                0x0000000000001df6        0x0 c:/gccavr/avr-gcc-10.1.0-x64-windows/bin/../lib/gcc/avr/10.1.0/avr5\libgcc.a(_prologue.o)
 .text.libgcc.fmul
                0x0000000000001df6        0x0 c:/gccavr/avr-gcc-10.1.0-x64-windows/bin/../lib/gcc/avr/10.1.0/avr5\libgcc.a(_prologue.o)
 .text.libgcc.fixed
                0x0000000000001df6        0x0 c:/gccavr/avr-gcc-10.1.0-x64-windows/bin/../lib/gcc/avr/10.1.0/avr5\libgcc.a(_prologue.o)
 .text.libgcc.mul
                0x0000000000001df6        0x0 c:/gccavr/avr-gcc-10.1.0-x64-windows/bin/../lib/gcc/avr/10.1.0/avr5\libgcc.a(_epilogue.o)
 .text.libgcc.div
                0x0000000000001df6        0x0 c:/gccavr/avr-gcc-10.1.0-x64-windows/bin/../lib/gcc/avr/10.1.0/avr5\libgcc.a(_epilogue.o)
 .text.libgcc   0x0000000000001df6        0x0 c:/gccavr/avr-gcc-10.1.0-x64-windows/bin/../lib/gcc/avr/10.1.0/avr5\libgcc.a(_epilogue.o)
 .text.libgcc.prologue
                0x0000000000001df6       0x36 c:/gccavr/avr-gcc-10.1.0-x64-windows/bin/../lib/gcc/avr/10.1.0/avr5\libgcc.a(_epilogue.o)
                0x0000000000001df6                __epilogue_restores__
 .text.libgcc.builtins
                0x0000000000001e2c        0x0 c:/gccavr/avr-gcc-10.1.0-x64-windows/bin/../lib/gcc/avr/10.1.0/avr5\libgcc.a(_epilogue.o)
 .text.libgcc.fmul
                0x0000000000001e2c        0x0 c:/gccavr/avr-gcc-10.1.0-x64-windows/bin/../lib/gcc/avr/10.1.0/avr5\libgcc.a(_epilogue.o)
 .text.libgcc.fixed
                0x0000000000001e2c        0x0 c:/gccavr/avr-gcc-10.1.0-x64-windows/bin/../lib/gcc/avr/10.1.0/avr5\libgcc.a(_epilogue.o)
                0x0000000000001e2c                . = ALIGN (0x2)
 *(.fini9)
 .fini9         0x0000000000001e2c        0x0 c:/gccavr/avr-gcc-10.1.0-x64-windows/bin/../lib/gcc/avr/10.1.0/avr5\libgcc.a(_exit.o)
                0x0000000000001e2c                _exit
                0x0000000000001e2c                exit
 *(.fini9)
 *(.fini8)
 *(.fini8)
 *(.fini7)
 *(.fini7)
 *(.fini6)
 *(.fini6)
 *(.fini5)
 *(.fini5)
 *(.fini4)
 *(.fini4)
 *(.fini3)
 *(.fini3)
 *(.fini2)
 *(.fini2)
 *(.fini1)
 *(.fini1)
 *(.fini0)
 .fini0         0x0000000000001e2c        0x4 c:/gccavr/avr-gcc-10.1.0-x64-windows/bin/../lib/gcc/avr/10.1.0/avr5\libgcc.a(_exit.o)
 *(.fini0)
 *(.hightext)
 *(.hightext*)
 *(.progmemx.*)
                0x0000000000001e30                . = ALIGN (0x2)
 *(.jumptables)
 *(.jumptables*)
                0x0000000000001e30                _etext = .

.data           0x0000000000800100       0x6c load address 0x0000000000001e30
                0x0000000000800100                PROVIDE (__data_start = .)
 *(.data)
 .data          0x0000000000800100        0x0 c:/gccavr/avr-gcc-10.1.0-x64-windows/bin/../lib/gcc/avr/10.1.0/../../../../avr/lib/avr5/crtatmega328p.o
 .data          0x0000000000800100        0x0 obj\Debug\atmega328p_peripherals\gpio_interface.o
 .data          0x0000000000800100        0x0 obj\Debug\atmega328p_peripherals\tim_device.o
 .data          0x0000000000800100        0x0 obj\Debug\atmega328p_peripherals\twi.o
 .data          0x0000000000800100        0xe obj\Debug\atmega328p_peripherals\uart_interface.o
 .data          0x000000000080010e        0x0 obj\Debug\cmd_dispatcher\cmd_dispatcher.o
 .data          0x000000000080010e        0x0 obj\Debug\cmd_dispatcher\cmd_rda5807m.o
 .data          0x000000000080010e        0x0 obj\Debug\main.o
 .data          0x000000000080010e        0x0 obj\Debug\rda5807m\rda5807m.o
 .data          0x000000000080010e        0x0 c:/gccavr/avr-gcc-10.1.0-x64-windows/bin/../lib/gcc/avr/10.1.0/avr5\libgcc.a(_udivmodsi4.o)
 .data          0x000000000080010e        0x0 c:/gccavr/avr-gcc-10.1.0-x64-windows/bin/../lib/gcc/avr/10.1.0/avr5\libgcc.a(_exit.o)
 .data          0x000000000080010e        0x0 c:/gccavr/avr-gcc-10.1.0-x64-windows/bin/../lib/gcc/avr/10.1.0/avr5\libgcc.a(_copy_data.o)
 .data          0x000000000080010e        0x0 c:/gccavr/avr-gcc-10.1.0-x64-windows/bin/../lib/gcc/avr/10.1.0/avr5\libgcc.a(_clear_bss.o)
 .data          0x000000000080010e        0x0 c:/gccavr/avr-gcc-10.1.0-x64-windows/bin/../lib/gcc/avr/10.1.0/../../../../avr/lib/avr5\libc.a(memcmp.o)
 .data          0x000000000080010e        0x0 c:/gccavr/avr-gcc-10.1.0-x64-windows/bin/../lib/gcc/avr/10.1.0/../../../../avr/lib/avr5\libc.a(memcpy.o)
 .data          0x000000000080010e        0x0 c:/gccavr/avr-gcc-10.1.0-x64-windows/bin/../lib/gcc/avr/10.1.0/../../../../avr/lib/avr5\libc.a(memset.o)
 .data          0x000000000080010e        0x0 c:/gccavr/avr-gcc-10.1.0-x64-windows/bin/../lib/gcc/avr/10.1.0/../../../../avr/lib/avr5\libc.a(iob.o)
 .data          0x000000000080010e        0x0 c:/gccavr/avr-gcc-10.1.0-x64-windows/bin/../lib/gcc/avr/10.1.0/../../../../avr/lib/avr5\libc.a(printf.o)
 .data          0x000000000080010e        0x0 c:/gccavr/avr-gcc-10.1.0-x64-windows/bin/../lib/gcc/avr/10.1.0/../../../../avr/lib/avr5\libc.a(puts.o)
 .data          0x000000000080010e        0x0 c:/gccavr/avr-gcc-10.1.0-x64-windows/bin/../lib/gcc/avr/10.1.0/../../../../avr/lib/avr5\libc.a(vfprintf_std.o)
 .data          0x000000000080010e        0x0 c:/gccavr/avr-gcc-10.1.0-x64-windows/bin/../lib/gcc/avr/10.1.0/../../../../avr/lib/avr5\libc.a(strnlen_P.o)
 .data          0x000000000080010e        0x0 c:/gccavr/avr-gcc-10.1.0-x64-windows/bin/../lib/gcc/avr/10.1.0/../../../../avr/lib/avr5\libc.a(strnlen.o)
 .data          0x000000000080010e        0x0 c:/gccavr/avr-gcc-10.1.0-x64-windows/bin/../lib/gcc/avr/10.1.0/../../../../avr/lib/avr5\libc.a(fputc.o)
 .data          0x000000000080010e        0x0 c:/gccavr/avr-gcc-10.1.0-x64-windows/bin/../lib/gcc/avr/10.1.0/../../../../avr/lib/avr5\libc.a(ultoa_invert.o)
 .data          0x000000000080010e        0x0 c:/gccavr/avr-gcc-10.1.0-x64-windows/bin/../lib/gcc/avr/10.1.0/avr5\libgcc.a(_prologue.o)
 .data          0x000000000080010e        0x0 c:/gccavr/avr-gcc-10.1.0-x64-windows/bin/../lib/gcc/avr/10.1.0/avr5\libgcc.a(_epilogue.o)
 *(.data*)
 *(.gnu.linkonce.d*)
 *(.rodata)
 .rodata        0x000000000080010e       0x30 obj\Debug\cmd_dispatcher\cmd_dispatcher.o
 .rodata        0x000000000080013e        0xa obj\Debug\cmd_dispatcher\cmd_rda5807m.o
 .rodata        0x0000000000800148        0x8 obj\Debug\main.o
 .rodata        0x0000000000800150       0x1c obj\Debug\rda5807m\rda5807m.o
 *(.rodata*)
 *(.gnu.linkonce.r*)
                0x000000000080016c                . = ALIGN (0x2)
                0x000000000080016c                _edata = .
                0x000000000080016c                PROVIDE (__data_end = .)

.bss            0x000000000080016c       0x8d
                0x000000000080016c                PROVIDE (__bss_start = .)
 *(.bss)
 .bss           0x000000000080016c        0x0 c:/gccavr/avr-gcc-10.1.0-x64-windows/bin/../lib/gcc/avr/10.1.0/../../../../avr/lib/avr5/crtatmega328p.o
 .bss           0x000000000080016c        0x0 obj\Debug\atmega328p_peripherals\gpio_interface.o
 .bss           0x000000000080016c        0x4 obj\Debug\atmega328p_peripherals\tim_device.o
 .bss           0x0000000000800170        0x0 obj\Debug\atmega328p_peripherals\twi.o
 .bss           0x0000000000800170       0x83 obj\Debug\atmega328p_peripherals\uart_interface.o
 .bss           0x00000000008001f3        0x0 obj\Debug\cmd_dispatcher\cmd_dispatcher.o
 .bss           0x00000000008001f3        0x0 obj\Debug\cmd_dispatcher\cmd_rda5807m.o
 .bss           0x00000000008001f3        0x0 obj\Debug\main.o
 .bss           0x00000000008001f3        0x0 obj\Debug\rda5807m\rda5807m.o
 .bss           0x00000000008001f3        0x0 c:/gccavr/avr-gcc-10.1.0-x64-windows/bin/../lib/gcc/avr/10.1.0/avr5\libgcc.a(_udivmodsi4.o)
 .bss           0x00000000008001f3        0x0 c:/gccavr/avr-gcc-10.1.0-x64-windows/bin/../lib/gcc/avr/10.1.0/avr5\libgcc.a(_exit.o)
 .bss           0x00000000008001f3        0x0 c:/gccavr/avr-gcc-10.1.0-x64-windows/bin/../lib/gcc/avr/10.1.0/avr5\libgcc.a(_copy_data.o)
 .bss           0x00000000008001f3        0x0 c:/gccavr/avr-gcc-10.1.0-x64-windows/bin/../lib/gcc/avr/10.1.0/avr5\libgcc.a(_clear_bss.o)
 .bss           0x00000000008001f3        0x0 c:/gccavr/avr-gcc-10.1.0-x64-windows/bin/../lib/gcc/avr/10.1.0/../../../../avr/lib/avr5\libc.a(memcmp.o)
 .bss           0x00000000008001f3        0x0 c:/gccavr/avr-gcc-10.1.0-x64-windows/bin/../lib/gcc/avr/10.1.0/../../../../avr/lib/avr5\libc.a(memcpy.o)
 .bss           0x00000000008001f3        0x0 c:/gccavr/avr-gcc-10.1.0-x64-windows/bin/../lib/gcc/avr/10.1.0/../../../../avr/lib/avr5\libc.a(memset.o)
 .bss           0x00000000008001f3        0x6 c:/gccavr/avr-gcc-10.1.0-x64-windows/bin/../lib/gcc/avr/10.1.0/../../../../avr/lib/avr5\libc.a(iob.o)
                0x00000000008001f3                __iob
 .bss           0x00000000008001f9        0x0 c:/gccavr/avr-gcc-10.1.0-x64-windows/bin/../lib/gcc/avr/10.1.0/../../../../avr/lib/avr5\libc.a(printf.o)
 .bss           0x00000000008001f9        0x0 c:/gccavr/avr-gcc-10.1.0-x64-windows/bin/../lib/gcc/avr/10.1.0/../../../../avr/lib/avr5\libc.a(puts.o)
 .bss           0x00000000008001f9        0x0 c:/gccavr/avr-gcc-10.1.0-x64-windows/bin/../lib/gcc/avr/10.1.0/../../../../avr/lib/avr5\libc.a(vfprintf_std.o)
 .bss           0x00000000008001f9        0x0 c:/gccavr/avr-gcc-10.1.0-x64-windows/bin/../lib/gcc/avr/10.1.0/../../../../avr/lib/avr5\libc.a(strnlen_P.o)
 .bss           0x00000000008001f9        0x0 c:/gccavr/avr-gcc-10.1.0-x64-windows/bin/../lib/gcc/avr/10.1.0/../../../../avr/lib/avr5\libc.a(strnlen.o)
 .bss           0x00000000008001f9        0x0 c:/gccavr/avr-gcc-10.1.0-x64-windows/bin/../lib/gcc/avr/10.1.0/../../../../avr/lib/avr5\libc.a(fputc.o)
 .bss           0x00000000008001f9        0x0 c:/gccavr/avr-gcc-10.1.0-x64-windows/bin/../lib/gcc/avr/10.1.0/../../../../avr/lib/avr5\libc.a(ultoa_invert.o)
 .bss           0x00000000008001f9        0x0 c:/gccavr/avr-gcc-10.1.0-x64-windows/bin/../lib/gcc/avr/10.1.0/avr5\libgcc.a(_prologue.o)
 .bss           0x00000000008001f9        0x0 c:/gccavr/avr-gcc-10.1.0-x64-windows/bin/../lib/gcc/avr/10.1.0/avr5\libgcc.a(_epilogue.o)
 *(.bss*)
 *(COMMON)
                0x00000000008001f9                PROVIDE (__bss_end = .)
                0x0000000000001e30                __data_load_start = LOADADDR (.data)
                0x0000000000001e9c                __data_load_end = (__data_load_start + SIZEOF (.data))

.noinit         0x00000000008001f9        0x0
                [!provide]                        PROVIDE (__noinit_start = .)
 *(.noinit*)
                [!provide]                        PROVIDE (__noinit_end = .)
                0x00000000008001f9                _end = .
                [!provide]                        PROVIDE (__heap_start = .)

.eeprom         0x0000000000810000        0x0
 *(.eeprom*)
                0x0000000000810000                __eeprom_end = .

.fuse
 *(.fuse)
 *(.lfuse)
 *(.hfuse)
 *(.efuse)

.lock
 *(.lock*)

.signature
 *(.signature*)

.stab
 *(.stab)

.stabstr
 *(.stabstr)

.stab.excl
 *(.stab.excl)

.stab.exclstr
 *(.stab.exclstr)

.stab.index
 *(.stab.index)

.stab.indexstr
 *(.stab.indexstr)

.comment        0x0000000000000000       0x12
 *(.comment)
 .comment       0x0000000000000000       0x12 obj\Debug\atmega328p_peripherals\gpio_interface.o
                                         0x13 (size before relaxing)
 .comment       0x0000000000000012       0x13 obj\Debug\atmega328p_peripherals\tim_device.o
 .comment       0x0000000000000012       0x13 obj\Debug\atmega328p_peripherals\twi.o
 .comment       0x0000000000000012       0x13 obj\Debug\atmega328p_peripherals\uart_interface.o
 .comment       0x0000000000000012       0x13 obj\Debug\cmd_dispatcher\cmd_dispatcher.o
 .comment       0x0000000000000012       0x13 obj\Debug\cmd_dispatcher\cmd_rda5807m.o
 .comment       0x0000000000000012       0x13 obj\Debug\main.o
 .comment       0x0000000000000012       0x13 obj\Debug\rda5807m\rda5807m.o
 .comment       0x0000000000000012       0x13 c:/gccavr/avr-gcc-10.1.0-x64-windows/bin/../lib/gcc/avr/10.1.0/../../../../avr/lib/avr5\libc.a(iob.o)
 .comment       0x0000000000000012       0x13 c:/gccavr/avr-gcc-10.1.0-x64-windows/bin/../lib/gcc/avr/10.1.0/../../../../avr/lib/avr5\libc.a(printf.o)
 .comment       0x0000000000000012       0x13 c:/gccavr/avr-gcc-10.1.0-x64-windows/bin/../lib/gcc/avr/10.1.0/../../../../avr/lib/avr5\libc.a(puts.o)
 .comment       0x0000000000000012       0x13 c:/gccavr/avr-gcc-10.1.0-x64-windows/bin/../lib/gcc/avr/10.1.0/../../../../avr/lib/avr5\libc.a(vfprintf_std.o)
 .comment       0x0000000000000012       0x13 c:/gccavr/avr-gcc-10.1.0-x64-windows/bin/../lib/gcc/avr/10.1.0/../../../../avr/lib/avr5\libc.a(fputc.o)

.note.gnu.avr.deviceinfo
                0x0000000000000000       0x40
 .note.gnu.avr.deviceinfo
                0x0000000000000000       0x40 c:/gccavr/avr-gcc-10.1.0-x64-windows/bin/../lib/gcc/avr/10.1.0/../../../../avr/lib/avr5/crtatmega328p.o

.note.gnu.build-id
 *(.note.gnu.build-id)

.debug
 *(.debug)

.line
 *(.line)

.debug_srcinfo
 *(.debug_srcinfo)

.debug_sfnames
 *(.debug_sfnames)

.debug_aranges  0x0000000000000000      0x1c0
 *(.debug_aranges)
 .debug_aranges
                0x0000000000000000       0x20 obj\Debug\atmega328p_peripherals\gpio_interface.o
 .debug_aranges
                0x0000000000000020       0x20 obj\Debug\atmega328p_peripherals\tim_device.o
 .debug_aranges
                0x0000000000000040       0x20 obj\Debug\atmega328p_peripherals\twi.o
 .debug_aranges
                0x0000000000000060       0x20 obj\Debug\atmega328p_peripherals\uart_interface.o
 .debug_aranges
                0x0000000000000080       0x20 obj\Debug\cmd_dispatcher\cmd_dispatcher.o
 .debug_aranges
                0x00000000000000a0       0x20 obj\Debug\cmd_dispatcher\cmd_rda5807m.o
 .debug_aranges
                0x00000000000000c0       0x20 obj\Debug\main.o
 .debug_aranges
                0x00000000000000e0       0x20 obj\Debug\rda5807m\rda5807m.o
 .debug_aranges
                0x0000000000000100       0x20 c:/gccavr/avr-gcc-10.1.0-x64-windows/bin/../lib/gcc/avr/10.1.0/avr5\libgcc.a(_udivmodsi4.o)
 .debug_aranges
                0x0000000000000120       0x20 c:/gccavr/avr-gcc-10.1.0-x64-windows/bin/../lib/gcc/avr/10.1.0/avr5\libgcc.a(_exit.o)
 .debug_aranges
                0x0000000000000140       0x20 c:/gccavr/avr-gcc-10.1.0-x64-windows/bin/../lib/gcc/avr/10.1.0/avr5\libgcc.a(_copy_data.o)
 .debug_aranges
                0x0000000000000160       0x20 c:/gccavr/avr-gcc-10.1.0-x64-windows/bin/../lib/gcc/avr/10.1.0/avr5\libgcc.a(_clear_bss.o)
 .debug_aranges
                0x0000000000000180       0x20 c:/gccavr/avr-gcc-10.1.0-x64-windows/bin/../lib/gcc/avr/10.1.0/avr5\libgcc.a(_prologue.o)
 .debug_aranges
                0x00000000000001a0       0x20 c:/gccavr/avr-gcc-10.1.0-x64-windows/bin/../lib/gcc/avr/10.1.0/avr5\libgcc.a(_epilogue.o)

.debug_pubnames
 *(.debug_pubnames)

.debug_info     0x0000000000000000     0x19c3
 *(.debug_info .gnu.linkonce.wi.*)
 .debug_info    0x0000000000000000      0x5f4 c:/gccavr/avr-gcc-10.1.0-x64-windows/bin/../lib/gcc/avr/10.1.0/../../../../avr/lib/avr5/crtatmega328p.o
 .debug_info    0x00000000000005f4       0xbb obj\Debug\atmega328p_peripherals\gpio_interface.o
 .debug_info    0x00000000000006af      0x1bb obj\Debug\atmega328p_peripherals\tim_device.o
 .debug_info    0x000000000000086a      0x3df obj\Debug\atmega328p_peripherals\twi.o
 .debug_info    0x0000000000000c49      0x30f obj\Debug\atmega328p_peripherals\uart_interface.o
 .debug_info    0x0000000000000f58      0x1dc obj\Debug\cmd_dispatcher\cmd_dispatcher.o
 .debug_info    0x0000000000001134      0x222 obj\Debug\cmd_dispatcher\cmd_rda5807m.o
 .debug_info    0x0000000000001356       0xb2 obj\Debug\main.o
 .debug_info    0x0000000000001408      0x4d7 obj\Debug\rda5807m\rda5807m.o
 .debug_info    0x00000000000018df       0x26 c:/gccavr/avr-gcc-10.1.0-x64-windows/bin/../lib/gcc/avr/10.1.0/avr5\libgcc.a(_udivmodsi4.o)
 .debug_info    0x0000000000001905       0x26 c:/gccavr/avr-gcc-10.1.0-x64-windows/bin/../lib/gcc/avr/10.1.0/avr5\libgcc.a(_exit.o)
 .debug_info    0x000000000000192b       0x26 c:/gccavr/avr-gcc-10.1.0-x64-windows/bin/../lib/gcc/avr/10.1.0/avr5\libgcc.a(_copy_data.o)
 .debug_info    0x0000000000001951       0x26 c:/gccavr/avr-gcc-10.1.0-x64-windows/bin/../lib/gcc/avr/10.1.0/avr5\libgcc.a(_clear_bss.o)
 .debug_info    0x0000000000001977       0x26 c:/gccavr/avr-gcc-10.1.0-x64-windows/bin/../lib/gcc/avr/10.1.0/avr5\libgcc.a(_prologue.o)
 .debug_info    0x000000000000199d       0x26 c:/gccavr/avr-gcc-10.1.0-x64-windows/bin/../lib/gcc/avr/10.1.0/avr5\libgcc.a(_epilogue.o)

.debug_abbrev   0x0000000000000000      0xdb5
 *(.debug_abbrev)
 .debug_abbrev  0x0000000000000000      0x5a2 c:/gccavr/avr-gcc-10.1.0-x64-windows/bin/../lib/gcc/avr/10.1.0/../../../../avr/lib/avr5/crtatmega328p.o
 .debug_abbrev  0x00000000000005a2       0x80 obj\Debug\atmega328p_peripherals\gpio_interface.o
 .debug_abbrev  0x0000000000000622       0xd2 obj\Debug\atmega328p_peripherals\tim_device.o
 .debug_abbrev  0x00000000000006f4      0x121 obj\Debug\atmega328p_peripherals\twi.o
 .debug_abbrev  0x0000000000000815      0x1c9 obj\Debug\atmega328p_peripherals\uart_interface.o
 .debug_abbrev  0x00000000000009de      0x114 obj\Debug\cmd_dispatcher\cmd_dispatcher.o
 .debug_abbrev  0x0000000000000af2       0xb6 obj\Debug\cmd_dispatcher\cmd_rda5807m.o
 .debug_abbrev  0x0000000000000ba8       0x7a obj\Debug\main.o
 .debug_abbrev  0x0000000000000c22      0x11b obj\Debug\rda5807m\rda5807m.o
 .debug_abbrev  0x0000000000000d3d       0x14 c:/gccavr/avr-gcc-10.1.0-x64-windows/bin/../lib/gcc/avr/10.1.0/avr5\libgcc.a(_udivmodsi4.o)
 .debug_abbrev  0x0000000000000d51       0x14 c:/gccavr/avr-gcc-10.1.0-x64-windows/bin/../lib/gcc/avr/10.1.0/avr5\libgcc.a(_exit.o)
 .debug_abbrev  0x0000000000000d65       0x14 c:/gccavr/avr-gcc-10.1.0-x64-windows/bin/../lib/gcc/avr/10.1.0/avr5\libgcc.a(_copy_data.o)
 .debug_abbrev  0x0000000000000d79       0x14 c:/gccavr/avr-gcc-10.1.0-x64-windows/bin/../lib/gcc/avr/10.1.0/avr5\libgcc.a(_clear_bss.o)
 .debug_abbrev  0x0000000000000d8d       0x14 c:/gccavr/avr-gcc-10.1.0-x64-windows/bin/../lib/gcc/avr/10.1.0/avr5\libgcc.a(_prologue.o)
 .debug_abbrev  0x0000000000000da1       0x14 c:/gccavr/avr-gcc-10.1.0-x64-windows/bin/../lib/gcc/avr/10.1.0/avr5\libgcc.a(_epilogue.o)

.debug_line     0x0000000000000000     0x1cde
 *(.debug_line .debug_line.* .debug_line_end)
 .debug_line    0x0000000000000000       0x1d c:/gccavr/avr-gcc-10.1.0-x64-windows/bin/../lib/gcc/avr/10.1.0/../../../../avr/lib/avr5/crtatmega328p.o
 .debug_line    0x000000000000001d      0x123 obj\Debug\atmega328p_peripherals\gpio_interface.o
 .debug_line    0x0000000000000140      0x255 obj\Debug\atmega328p_peripherals\tim_device.o
 .debug_line    0x0000000000000395      0x793 obj\Debug\atmega328p_peripherals\twi.o
 .debug_line    0x0000000000000b28      0x2b8 obj\Debug\atmega328p_peripherals\uart_interface.o
 .debug_line    0x0000000000000de0      0x165 obj\Debug\cmd_dispatcher\cmd_dispatcher.o
 .debug_line    0x0000000000000f45      0x20b obj\Debug\cmd_dispatcher\cmd_rda5807m.o
 .debug_line    0x0000000000001150       0xba obj\Debug\main.o
 .debug_line    0x000000000000120a      0x642 obj\Debug\rda5807m\rda5807m.o
 .debug_line    0x000000000000184c      0x121 c:/gccavr/avr-gcc-10.1.0-x64-windows/bin/../lib/gcc/avr/10.1.0/avr5\libgcc.a(_udivmodsi4.o)
 .debug_line    0x000000000000196d       0x61 c:/gccavr/avr-gcc-10.1.0-x64-windows/bin/../lib/gcc/avr/10.1.0/avr5\libgcc.a(_exit.o)
 .debug_line    0x00000000000019ce       0x97 c:/gccavr/avr-gcc-10.1.0-x64-windows/bin/../lib/gcc/avr/10.1.0/avr5\libgcc.a(_copy_data.o)
 .debug_line    0x0000000000001a65       0x85 c:/gccavr/avr-gcc-10.1.0-x64-windows/bin/../lib/gcc/avr/10.1.0/avr5\libgcc.a(_clear_bss.o)
 .debug_line    0x0000000000001aea       0xfd c:/gccavr/avr-gcc-10.1.0-x64-windows/bin/../lib/gcc/avr/10.1.0/avr5\libgcc.a(_prologue.o)
 .debug_line    0x0000000000001be7       0xf7 c:/gccavr/avr-gcc-10.1.0-x64-windows/bin/../lib/gcc/avr/10.1.0/avr5\libgcc.a(_epilogue.o)

.debug_frame    0x0000000000000000      0x940
 *(.debug_frame)
 .debug_frame   0x0000000000000000       0x74 obj\Debug\atmega328p_peripherals\gpio_interface.o
 .debug_frame   0x0000000000000074      0x170 obj\Debug\atmega328p_peripherals\tim_device.o
 .debug_frame   0x00000000000001e4      0x234 obj\Debug\atmega328p_peripherals\twi.o
 .debug_frame   0x0000000000000418      0x158 obj\Debug\atmega328p_peripherals\uart_interface.o
 .debug_frame   0x0000000000000570       0x54 obj\Debug\cmd_dispatcher\cmd_dispatcher.o
 .debug_frame   0x00000000000005c4       0xd4 obj\Debug\cmd_dispatcher\cmd_rda5807m.o
 .debug_frame   0x0000000000000698       0x34 obj\Debug\main.o
 .debug_frame   0x00000000000006cc      0x274 obj\Debug\rda5807m\rda5807m.o

.debug_str      0x0000000000000000      0x9bd
 *(.debug_str)
 .debug_str     0x0000000000000000      0x20b c:/gccavr/avr-gcc-10.1.0-x64-windows/bin/../lib/gcc/avr/10.1.0/../../../../avr/lib/avr5/crtatmega328p.o
 .debug_str     0x000000000000020b      0x12d obj\Debug\atmega328p_peripherals\gpio_interface.o
                                        0x161 (size before relaxing)
 .debug_str     0x0000000000000338       0xfa obj\Debug\atmega328p_peripherals\tim_device.o
                                        0x215 (size before relaxing)
 .debug_str     0x0000000000000432      0x143 obj\Debug\atmega328p_peripherals\twi.o
                                        0x253 (size before relaxing)
 .debug_str     0x0000000000000575      0x138 obj\Debug\atmega328p_peripherals\uart_interface.o
                                        0x24d (size before relaxing)
 .debug_str     0x00000000000006ad       0x8d obj\Debug\cmd_dispatcher\cmd_dispatcher.o
                                        0x19e (size before relaxing)
 .debug_str     0x000000000000073a       0x9e obj\Debug\cmd_dispatcher\cmd_rda5807m.o
                                        0x1c5 (size before relaxing)
 .debug_str     0x00000000000007d8        0xc obj\Debug\main.o
                                        0x123 (size before relaxing)
 .debug_str     0x00000000000007e4      0x17a obj\Debug\rda5807m\rda5807m.o
                                        0x2d8 (size before relaxing)
 .debug_str     0x000000000000095e       0x5f c:/gccavr/avr-gcc-10.1.0-x64-windows/bin/../lib/gcc/avr/10.1.0/avr5\libgcc.a(_udivmodsi4.o)
 .debug_str     0x00000000000009bd       0x5f c:/gccavr/avr-gcc-10.1.0-x64-windows/bin/../lib/gcc/avr/10.1.0/avr5\libgcc.a(_exit.o)
 .debug_str     0x00000000000009bd       0x5f c:/gccavr/avr-gcc-10.1.0-x64-windows/bin/../lib/gcc/avr/10.1.0/avr5\libgcc.a(_copy_data.o)
 .debug_str     0x00000000000009bd       0x5f c:/gccavr/avr-gcc-10.1.0-x64-windows/bin/../lib/gcc/avr/10.1.0/avr5\libgcc.a(_clear_bss.o)
 .debug_str     0x00000000000009bd       0x5f c:/gccavr/avr-gcc-10.1.0-x64-windows/bin/../lib/gcc/avr/10.1.0/avr5\libgcc.a(_prologue.o)
 .debug_str     0x00000000000009bd       0x5f c:/gccavr/avr-gcc-10.1.0-x64-windows/bin/../lib/gcc/avr/10.1.0/avr5\libgcc.a(_epilogue.o)

.debug_loc
 *(.debug_loc)

.debug_macinfo
 *(.debug_macinfo)

.debug_weaknames
 *(.debug_weaknames)

.debug_funcnames
 *(.debug_funcnames)

.debug_typenames
 *(.debug_typenames)

.debug_varnames
 *(.debug_varnames)

.debug_pubtypes
 *(.debug_pubtypes)

.debug_ranges
 *(.debug_ranges)

.debug_macro
 *(.debug_macro)

.debug_addr
 *(.debug_addr)
OUTPUT(bin\Debug\rda5807m_radio.elf elf32-avr)
LOAD linker stubs

Cross Reference Table

Symbol                                            File
CmdDispatch                                       obj\Debug\cmd_dispatcher\cmd_dispatcher.o
                                                  obj\Debug\main.o
CmdRDA5807mDoInit                                 obj\Debug\cmd_dispatcher\cmd_rda5807m.o
                                                  obj\Debug\cmd_dispatcher\cmd_dispatcher.o
CmdRDA5807mDoReset                                obj\Debug\cmd_dispatcher\cmd_rda5807m.o
                                                  obj\Debug\cmd_dispatcher\cmd_dispatcher.o
CmdRDA5807mGetRSSI                                obj\Debug\cmd_dispatcher\cmd_rda5807m.o
                                                  obj\Debug\cmd_dispatcher\cmd_dispatcher.o
CmdRDA5807mSetFreq                                obj\Debug\cmd_dispatcher\cmd_rda5807m.o
                                                  obj\Debug\cmd_dispatcher\cmd_dispatcher.o
CmdRDA5807mSetMute                                obj\Debug\cmd_dispatcher\cmd_rda5807m.o
                                                  obj\Debug\cmd_dispatcher\cmd_dispatcher.o
CmdRDA5807mSetVolm                                obj\Debug\cmd_dispatcher\cmd_rda5807m.o
                                                  obj\Debug\cmd_dispatcher\cmd_dispatcher.o
RDA5807mClearRDSFIFO                              obj\Debug\rda5807m\rda5807m.o
RDA5807mGetErrBlockA                              obj\Debug\rda5807m\rda5807m.o
RDA5807mGetErrBlockB                              obj\Debug\rda5807m\rda5807m.o
RDA5807mGetRDSBlockA                              obj\Debug\rda5807m\rda5807m.o
RDA5807mGetRDSBlockB                              obj\Debug\rda5807m\rda5807m.o
RDA5807mGetRDSBlockC                              obj\Debug\rda5807m\rda5807m.o
RDA5807mGetRDSBlockD                              obj\Debug\rda5807m\rda5807m.o
RDA5807mGetRDSR                                   obj\Debug\rda5807m\rda5807m.o
RDA5807mGetRDSS                                   obj\Debug\rda5807m\rda5807m.o
RDA5807mGetRSSI                                   obj\Debug\rda5807m\rda5807m.o
                                                  obj\Debug\cmd_dispatcher\cmd_rda5807m.o
RDA5807mInit                                      obj\Debug\rda5807m\rda5807m.o
                                                  obj\Debug\cmd_dispatcher\cmd_rda5807m.o
RDA5807mIsChannelStation                          obj\Debug\rda5807m\rda5807m.o
RDA5807mMute                                      obj\Debug\rda5807m\rda5807m.o
                                                  obj\Debug\cmd_dispatcher\cmd_rda5807m.o
RDA5807mReset                                     obj\Debug\rda5807m\rda5807m.o
                                                  obj\Debug\cmd_dispatcher\cmd_rda5807m.o
RDA5807mSetFreq                                   obj\Debug\rda5807m\rda5807m.o
                                                  obj\Debug\cmd_dispatcher\cmd_rda5807m.o
RDA5807mSetVolm                                   obj\Debug\rda5807m\rda5807m.o
                                                  obj\Debug\cmd_dispatcher\cmd_rda5807m.o
RDA5807misChannelStereo                           obj\Debug\rda5807m\rda5807m.o
UARTFetchReceivedLine                             obj\Debug\atmega328p_peripherals\uart_interface.o
                                                  obj\Debug\main.o
UARTcopyBuffer                                    obj\Debug\atmega328p_peripherals\uart_interface.o
UARTinitiliaze                                    obj\Debug\atmega328p_peripherals\uart_interface.o
                                                  obj\Debug\main.o
UARTisLFreceived                                  obj\Debug\atmega328p_peripherals\uart_interface.o
__FUSE_REGION_LENGTH__                            c:/gccavr/avr-gcc-10.1.0-x64-windows/bin/../lib/gcc/avr/10.1.0/../../../../avr/lib/avr5/crtatmega328p.o
__bad_interrupt                                   c:/gccavr/avr-gcc-10.1.0-x64-windows/bin/../lib/gcc/avr/10.1.0/../../../../avr/lib/avr5/crtatmega328p.o
__bss_end                                         c:/gccavr/avr-gcc-10.1.0-x64-windows/bin/../lib/gcc/avr/10.1.0/avr5\libgcc.a(_clear_bss.o)
__bss_start                                       c:/gccavr/avr-gcc-10.1.0-x64-windows/bin/../lib/gcc/avr/10.1.0/avr5\libgcc.a(_clear_bss.o)
__data_end                                        c:/gccavr/avr-gcc-10.1.0-x64-windows/bin/../lib/gcc/avr/10.1.0/avr5\libgcc.a(_copy_data.o)
__data_load_start                                 c:/gccavr/avr-gcc-10.1.0-x64-windows/bin/../lib/gcc/avr/10.1.0/avr5\libgcc.a(_copy_data.o)
__data_start                                      c:/gccavr/avr-gcc-10.1.0-x64-windows/bin/../lib/gcc/avr/10.1.0/avr5\libgcc.a(_copy_data.o)
__do_clear_bss                                    c:/gccavr/avr-gcc-10.1.0-x64-windows/bin/../lib/gcc/avr/10.1.0/avr5\libgcc.a(_clear_bss.o)
                                                  c:/gccavr/avr-gcc-10.1.0-x64-windows/bin/../lib/gcc/avr/10.1.0/../../../../avr/lib/avr5\libc.a(iob.o)
                                                  obj\Debug\atmega328p_peripherals\uart_interface.o
                                                  obj\Debug\atmega328p_peripherals\tim_device.o
__do_copy_data                                    c:/gccavr/avr-gcc-10.1.0-x64-windows/bin/../lib/gcc/avr/10.1.0/avr5\libgcc.a(_copy_data.o)
                                                  obj\Debug\rda5807m\rda5807m.o
                                                  obj\Debug\main.o
                                                  obj\Debug\cmd_dispatcher\cmd_rda5807m.o
                                                  obj\Debug\cmd_dispatcher\cmd_dispatcher.o
                                                  obj\Debug\atmega328p_peripherals\uart_interface.o
__epilogue_restores__                             c:/gccavr/avr-gcc-10.1.0-x64-windows/bin/../lib/gcc/avr/10.1.0/avr5\libgcc.a(_epilogue.o)
                                                  c:/gccavr/avr-gcc-10.1.0-x64-windows/bin/../lib/gcc/avr/10.1.0/../../../../avr/lib/avr5\libc.a(vfprintf_std.o)
                                                  c:/gccavr/avr-gcc-10.1.0-x64-windows/bin/../lib/gcc/avr/10.1.0/../../../../avr/lib/avr5\libc.a(printf.o)
__heap_end                                        c:/gccavr/avr-gcc-10.1.0-x64-windows/bin/../lib/gcc/avr/10.1.0/../../../../avr/lib/avr5/crtatmega328p.o
__init                                            c:/gccavr/avr-gcc-10.1.0-x64-windows/bin/../lib/gcc/avr/10.1.0/../../../../avr/lib/avr5/crtatmega328p.o
__iob                                             c:/gccavr/avr-gcc-10.1.0-x64-windows/bin/../lib/gcc/avr/10.1.0/../../../../avr/lib/avr5\libc.a(iob.o)
                                                  c:/gccavr/avr-gcc-10.1.0-x64-windows/bin/../lib/gcc/avr/10.1.0/../../../../avr/lib/avr5\libc.a(puts.o)
                                                  c:/gccavr/avr-gcc-10.1.0-x64-windows/bin/../lib/gcc/avr/10.1.0/../../../../avr/lib/avr5\libc.a(printf.o)
                                                  obj\Debug\atmega328p_peripherals\uart_interface.o
__prologue_saves__                                c:/gccavr/avr-gcc-10.1.0-x64-windows/bin/../lib/gcc/avr/10.1.0/avr5\libgcc.a(_prologue.o)
                                                  c:/gccavr/avr-gcc-10.1.0-x64-windows/bin/../lib/gcc/avr/10.1.0/../../../../avr/lib/avr5\libc.a(vfprintf_std.o)
                                                  c:/gccavr/avr-gcc-10.1.0-x64-windows/bin/../lib/gcc/avr/10.1.0/../../../../avr/lib/avr5\libc.a(printf.o)
__stack                                           c:/gccavr/avr-gcc-10.1.0-x64-windows/bin/../lib/gcc/avr/10.1.0/../../../../avr/lib/avr5/crtatmega328p.o
__udivmodsi4                                      c:/gccavr/avr-gcc-10.1.0-x64-windows/bin/../lib/gcc/avr/10.1.0/avr5\libgcc.a(_udivmodsi4.o)
                                                  obj\Debug\atmega328p_peripherals\tim_device.o
__ultoa_invert                                    c:/gccavr/avr-gcc-10.1.0-x64-windows/bin/../lib/gcc/avr/10.1.0/../../../../avr/lib/avr5\libc.a(ultoa_invert.o)
                                                  c:/gccavr/avr-gcc-10.1.0-x64-windows/bin/../lib/gcc/avr/10.1.0/../../../../avr/lib/avr5\libc.a(vfprintf_std.o)
__vector_1                                        c:/gccavr/avr-gcc-10.1.0-x64-windows/bin/../lib/gcc/avr/10.1.0/../../../../avr/lib/avr5/crtatmega328p.o
__vector_10                                       c:/gccavr/avr-gcc-10.1.0-x64-windows/bin/../lib/gcc/avr/10.1.0/../../../../avr/lib/avr5/crtatmega328p.o
__vector_11                                       c:/gccavr/avr-gcc-10.1.0-x64-windows/bin/../lib/gcc/avr/10.1.0/../../../../avr/lib/avr5/crtatmega328p.o
__vector_12                                       c:/gccavr/avr-gcc-10.1.0-x64-windows/bin/../lib/gcc/avr/10.1.0/../../../../avr/lib/avr5/crtatmega328p.o
__vector_13                                       c:/gccavr/avr-gcc-10.1.0-x64-windows/bin/../lib/gcc/avr/10.1.0/../../../../avr/lib/avr5/crtatmega328p.o
__vector_14                                       obj\Debug\atmega328p_peripherals\tim_device.o
                                                  c:/gccavr/avr-gcc-10.1.0-x64-windows/bin/../lib/gcc/avr/10.1.0/../../../../avr/lib/avr5/crtatmega328p.o
__vector_15                                       c:/gccavr/avr-gcc-10.1.0-x64-windows/bin/../lib/gcc/avr/10.1.0/../../../../avr/lib/avr5/crtatmega328p.o
__vector_16                                       c:/gccavr/avr-gcc-10.1.0-x64-windows/bin/../lib/gcc/avr/10.1.0/../../../../avr/lib/avr5/crtatmega328p.o
__vector_17                                       c:/gccavr/avr-gcc-10.1.0-x64-windows/bin/../lib/gcc/avr/10.1.0/../../../../avr/lib/avr5/crtatmega328p.o
__vector_18                                       obj\Debug\atmega328p_peripherals\uart_interface.o
                                                  c:/gccavr/avr-gcc-10.1.0-x64-windows/bin/../lib/gcc/avr/10.1.0/../../../../avr/lib/avr5/crtatmega328p.o
__vector_19                                       c:/gccavr/avr-gcc-10.1.0-x64-windows/bin/../lib/gcc/avr/10.1.0/../../../../avr/lib/avr5/crtatmega328p.o
__vector_2                                        c:/gccavr/avr-gcc-10.1.0-x64-windows/bin/../lib/gcc/avr/10.1.0/../../../../avr/lib/avr5/crtatmega328p.o
__vector_20                                       c:/gccavr/avr-gcc-10.1.0-x64-windows/bin/../lib/gcc/avr/10.1.0/../../../../avr/lib/avr5/crtatmega328p.o
__vector_21                                       c:/gccavr/avr-gcc-10.1.0-x64-windows/bin/../lib/gcc/avr/10.1.0/../../../../avr/lib/avr5/crtatmega328p.o
__vector_22                                       c:/gccavr/avr-gcc-10.1.0-x64-windows/bin/../lib/gcc/avr/10.1.0/../../../../avr/lib/avr5/crtatmega328p.o
__vector_23                                       c:/gccavr/avr-gcc-10.1.0-x64-windows/bin/../lib/gcc/avr/10.1.0/../../../../avr/lib/avr5/crtatmega328p.o
__vector_24                                       c:/gccavr/avr-gcc-10.1.0-x64-windows/bin/../lib/gcc/avr/10.1.0/../../../../avr/lib/avr5/crtatmega328p.o
__vector_25                                       c:/gccavr/avr-gcc-10.1.0-x64-windows/bin/../lib/gcc/avr/10.1.0/../../../../avr/lib/avr5/crtatmega328p.o
__vector_3                                        c:/gccavr/avr-gcc-10.1.0-x64-windows/bin/../lib/gcc/avr/10.1.0/../../../../avr/lib/avr5/crtatmega328p.o
__vector_4                                        c:/gccavr/avr-gcc-10.1.0-x64-windows/bin/../lib/gcc/avr/10.1.0/../../../../avr/lib/avr5/crtatmega328p.o
__vector_5                                        c:/gccavr/avr-gcc-10.1.0-x64-windows/bin/../lib/gcc/avr/10.1.0/../../../../avr/lib/avr5/crtatmega328p.o
__vector_6                                        c:/gccavr/avr-gcc-10.1.0-x64-windows/bin/../lib/gcc/avr/10.1.0/../../../../avr/lib/avr5/crtatmega328p.o
__vector_7                                        c:/gccavr/avr-gcc-10.1.0-x64-windows/bin/../lib/gcc/avr/10.1.0/../../../../avr/lib/avr5/crtatmega328p.o
__vector_8                                        c:/gccavr/avr-gcc-10.1.0-x64-windows/bin/../lib/gcc/avr/10.1.0/../../../../avr/lib/avr5/crtatmega328p.o
__vector_9                                        c:/gccavr/avr-gcc-10.1.0-x64-windows/bin/../lib/gcc/avr/10.1.0/../../../../avr/lib/avr5/crtatmega328p.o
__vector_default                                  c:/gccavr/avr-gcc-10.1.0-x64-windows/bin/../lib/gcc/avr/10.1.0/../../../../avr/lib/avr5/crtatmega328p.o
__vectors                                         c:/gccavr/avr-gcc-10.1.0-x64-windows/bin/../lib/gcc/avr/10.1.0/../../../../avr/lib/avr5/crtatmega328p.o
_exit                                             c:/gccavr/avr-gcc-10.1.0-x64-windows/bin/../lib/gcc/avr/10.1.0/avr5\libgcc.a(_exit.o)
exit                                              c:/gccavr/avr-gcc-10.1.0-x64-windows/bin/../lib/gcc/avr/10.1.0/avr5\libgcc.a(_exit.o)
                                                  c:/gccavr/avr-gcc-10.1.0-x64-windows/bin/../lib/gcc/avr/10.1.0/../../../../avr/lib/avr5/crtatmega328p.o
fputc                                             c:/gccavr/avr-gcc-10.1.0-x64-windows/bin/../lib/gcc/avr/10.1.0/../../../../avr/lib/avr5\libc.a(fputc.o)
                                                  c:/gccavr/avr-gcc-10.1.0-x64-windows/bin/../lib/gcc/avr/10.1.0/../../../../avr/lib/avr5\libc.a(vfprintf_std.o)
gpio_LED_set                                      obj\Debug\atmega328p_peripherals\gpio_interface.o
gpio_LED_toggle                                   obj\Debug\atmega328p_peripherals\gpio_interface.o
gpio_initialize                                   obj\Debug\atmega328p_peripherals\gpio_interface.o
                                                  obj\Debug\main.o
main                                              obj\Debug\main.o
                                                  c:/gccavr/avr-gcc-10.1.0-x64-windows/bin/../lib/gcc/avr/10.1.0/../../../../avr/lib/avr5/crtatmega328p.o
memcmp                                            c:/gccavr/avr-gcc-10.1.0-x64-windows/bin/../lib/gcc/avr/10.1.0/../../../../avr/lib/avr5\libc.a(memcmp.o)
                                                  obj\Debug\cmd_dispatcher\cmd_dispatcher.o
memcpy                                            c:/gccavr/avr-gcc-10.1.0-x64-windows/bin/../lib/gcc/avr/10.1.0/../../../../avr/lib/avr5\libc.a(memcpy.o)
                                                  obj\Debug\atmega328p_peripherals\uart_interface.o
memset                                            c:/gccavr/avr-gcc-10.1.0-x64-windows/bin/../lib/gcc/avr/10.1.0/../../../../avr/lib/avr5\libc.a(memset.o)
                                                  obj\Debug\atmega328p_peripherals\uart_interface.o
printf                                            c:/gccavr/avr-gcc-10.1.0-x64-windows/bin/../lib/gcc/avr/10.1.0/../../../../avr/lib/avr5\libc.a(printf.o)
                                                  obj\Debug\rda5807m\rda5807m.o
                                                  obj\Debug\cmd_dispatcher\cmd_rda5807m.o
puts                                              c:/gccavr/avr-gcc-10.1.0-x64-windows/bin/../lib/gcc/avr/10.1.0/../../../../avr/lib/avr5\libc.a(puts.o)
                                                  obj\Debug\main.o
strnlen                                           c:/gccavr/avr-gcc-10.1.0-x64-windows/bin/../lib/gcc/avr/10.1.0/../../../../avr/lib/avr5\libc.a(strnlen.o)
                                                  c:/gccavr/avr-gcc-10.1.0-x64-windows/bin/../lib/gcc/avr/10.1.0/../../../../avr/lib/avr5\libc.a(vfprintf_std.o)
strnlen_P                                         c:/gccavr/avr-gcc-10.1.0-x64-windows/bin/../lib/gcc/avr/10.1.0/../../../../avr/lib/avr5\libc.a(strnlen_P.o)
                                                  c:/gccavr/avr-gcc-10.1.0-x64-windows/bin/../lib/gcc/avr/10.1.0/../../../../avr/lib/avr5\libc.a(vfprintf_std.o)
tim_beep_D6D4_freq                                obj\Debug\atmega328p_peripherals\tim_device.o
tim_beep_D6D4_initialize                          obj\Debug\atmega328p_peripherals\tim_device.o
tim_beep_D6D4_sound                               obj\Debug\atmega328p_peripherals\tim_device.o
tim_block_ms                                      obj\Debug\atmega328p_peripherals\tim_device.o
tim_blocked_dothis                                obj\Debug\atmega328p_peripherals\tim_device.o
tim_tick_get                                      obj\Debug\atmega328p_peripherals\tim_device.o
tim_tick_initialize                               obj\Debug\atmega328p_peripherals\tim_device.o
                                                  obj\Debug\main.o
tim_tick_unitialize                               obj\Debug\atmega328p_peripherals\tim_device.o
twi_addressRead                                   obj\Debug\atmega328p_peripherals\twi.o
twi_addressWrite                                  obj\Debug\atmega328p_peripherals\twi.o
twi_init                                          obj\Debug\atmega328p_peripherals\twi.o
                                                  obj\Debug\main.o
twi_readAck                                       obj\Debug\atmega328p_peripherals\twi.o
twi_readAckBurst                                  obj\Debug\atmega328p_peripherals\twi.o
twi_readFromSlave                                 obj\Debug\atmega328p_peripherals\twi.o
                                                  obj\Debug\rda5807m\rda5807m.o
twi_readFromSlaveRegister                         obj\Debug\atmega328p_peripherals\twi.o
twi_readNoAck                                     obj\Debug\atmega328p_peripherals\twi.o
twi_readNoAckBurst                                obj\Debug\atmega328p_peripherals\twi.o
twi_repStart                                      obj\Debug\atmega328p_peripherals\twi.o
twi_start                                         obj\Debug\atmega328p_peripherals\twi.o
twi_stop                                          obj\Debug\atmega328p_peripherals\twi.o
twi_write                                         obj\Debug\atmega328p_peripherals\twi.o
twi_writeBurst                                    obj\Debug\atmega328p_peripherals\twi.o
twi_writeToSlave                                  obj\Debug\atmega328p_peripherals\twi.o
                                                  obj\Debug\rda5807m\rda5807m.o
twi_writeToSlaveRegister                          obj\Debug\atmega328p_peripherals\twi.o
vfprintf                                          c:/gccavr/avr-gcc-10.1.0-x64-windows/bin/../lib/gcc/avr/10.1.0/../../../../avr/lib/avr5\libc.a(vfprintf_std.o)
                                                  c:/gccavr/avr-gcc-10.1.0-x64-windows/bin/../lib/gcc/avr/10.1.0/../../../../avr/lib/avr5\libc.a(printf.o)
